// Jest Snapshot v1, https://goo.gl/fbAQLP

exports[`Footer tests should render 1`] = `
Object {
  "asFragment": [Function],
  "baseElement": <body>
    <div>
      <div
        class="py-5 flex justify-center items-center footer-hero fixed bottom-0 w-full"
      >
        <h1
          class="font-thin text-gray-100 tracking-wide text-xs md:text-lg"
        >
          © Classic 2022. All rights reserved. Developed by
           
          <a
            class="text-white font-bold"
            href="https://github.com/AmaduKamara"
            rel="noreferrer"
            target="_blank"
          >
            Amadu Kamara.
          </a>
           
        </h1>
      </div>
    </div>
  </body>,
  "container": <div>
    <div
      class="py-5 flex justify-center items-center footer-hero fixed bottom-0 w-full"
    >
      <h1
        class="font-thin text-gray-100 tracking-wide text-xs md:text-lg"
      >
        © Classic 2022. All rights reserved. Developed by
         
        <a
          class="text-white font-bold"
          href="https://github.com/AmaduKamara"
          rel="noreferrer"
          target="_blank"
        >
          Amadu Kamara.
        </a>
         
      </h1>
    </div>
  </div>,
  "debug": [Function],
  "findAllByAltText": [Function],
  "findAllByDisplayValue": [Function],
  "findAllByLabelText": [Function],
  "findAllByPlaceholderText": [Function],
  "findAllByRole": [Function],
  "findAllByTestId": [Function],
  "findAllByText": [Function],
  "findAllByTitle": [Function],
  "findByAltText": [Function],
  "findByDisplayValue": [Function],
  "findByLabelText": [Function],
  "findByPlaceholderText": [Function],
  "findByRole": [Function],
  "findByTestId": [Function],
  "findByText": [Function],
  "findByTitle": [Function],
  "getAllByAltText": [Function],
  "getAllByDisplayValue": [Function],
  "getAllByLabelText": [Function],
  "getAllByPlaceholderText": [Function],
  "getAllByRole": [Function],
  "getAllByTestId": [Function],
  "getAllByText": [Function],
  "getAllByTitle": [Function],
  "getByAltText": [Function],
  "getByDisplayValue": [Function],
  "getByLabelText": [Function],
  "getByPlaceholderText": [Function],
  "getByRole": [Function],
  "getByTestId": [Function],
  "getByText": [Function],
  "getByTitle": [Function],
  "queryAllByAltText": [Function],
  "queryAllByDisplayValue": [Function],
  "queryAllByLabelText": [Function],
  "queryAllByPlaceholderText": [Function],
  "queryAllByRole": [Function],
  "queryAllByTestId": [Function],
  "queryAllByText": [Function],
  "queryAllByTitle": [Function],
  "queryByAltText": [Function],
  "queryByDisplayValue": [Function],
  "queryByLabelText": [Function],
  "queryByPlaceholderText": [Function],
  "queryByRole": [Function],
  "queryByTestId": [Function],
  "queryByText": [Function],
  "queryByTitle": [Function],
  "rerender": [Function],
  "unmount": [Function],
}
`;
